// Jest Snapshot v1, https://goo.gl/fbAQLP

exports[`mutations creates a post 1`] = `
Object {
  "data": Object {
    "createPost": Object {
      "message": "First post!",
    },
  },
  "errors": undefined,
  "extensions": undefined,
  "http": Object {
    "headers": Headers {
      Symbol(map): Object {},
    },
  },
}
`;
